main.c:78:5:main	8	static
main.c:125:6:SystemClock_Config	88	static
main.c:163:6:Can_Init	56	static
main.c:191:6:Change_Can_Speed	16	static
main.c:262:6:PrintMenu	8	static
main.c:276:6:PrintCanSpeed	8	static
main.c:285:6:PrintConfig	16	static
main.c:295:1:__io_putchar	16	static
main.c:304:6:HAL_TIM_PeriodElapsedCallback	16	static
main.c:310:6:ToggleLed1	8	static
main.c:313:6:EEPROM_Block_Read	16	static
main.c:327:6:EEPROM_Block_Write	16	static
main.c:341:6:Serial_Available	24	static
main.c:355:6:MenuDecode	80	static
main.c:461:6:HAL_CAN_RxFifo0MsgPendingCallback	24	static
main.c:495:6:cancheckblock	16	static
main.c:503:6:clearbuffer	24	static
main.c:508:6:candecode	16	static
main.c:511:6:AddtoBlockList	24	static
main.c:531:6:DeleteBlockList	24	static
main.c:549:6:Error_Handler	8	static
